\o Program:		@(#)$CDS: libManager version 6.1.5 - CAT32 10/23/2012 17:36 (cat91amd) $
\o Sub version:		sub-version  s011 
\o Arguments:		-unmapped -mpssession virtuoso7260 -mpshost cadence 
\o Working Directory:	cadence:/home/buet/Desktop/project
\o Qt version: 		4.5.3
\o changeWorkingDir("/home/buet/Desktop/project") unnecessary.
\o ddSetForcedLib("") unnecessary.
\o Log file is "/home/buet/Desktop/project/libManager.log".
\o Opening libManager window.
\a nrSetWindowVisibility(cdsLibManager "show")
\o MPS service: map window
\a nrSetCurrentWindow(cdsLibManager)
\o Library Manager customization server connected.
\a nrResizeWindow(cdsLibManager list(381 135 600 448))
\a cdsLibManager->editLibraryPathButton->value = t
\o Starting the cdsLibEditor...
\o MPS request: update library list
\a nrSetCurrentWindow(cdsLibManager)
\a nrSetWindowVisibility(cdsLibManager "hide")
\o libManager is exiting.
\a exit(0)
